exports[`test WCeph Importer 1`] = `
Object {
  "manualLandmarks": Object {
    "A": Object {
      "x": 799.8980432798951,
      "y": 1152,
    },
    "ANS": Object {
      "x": 753.8180414412841,
      "y": 1114.2981818181818,
    },
    "Ar": Object {
      "x": 1813.658083729335,
      "y": 1118.4872727272727,
    },
    "B": Object {
      "x": 804.0871343561323,
      "y": 1604.421818181818,
    },
    "Gn": Object {
      "x": 766.3853146699962,
      "y": 1872.5236363636363,
    },
    "Go": Object {
      "x": 1637.7162585273659,
      "y": 1621.1781818181817,
    },
    "L1 Apex": Object {
      "x": 862.7344094234554,
      "y": 1562.530909090909,
    },
    "L1 Incisal Edge": Object {
      "x": 799.8980432798951,
      "y": 1336.32,
    },
    "Me": Object {
      "x": 829.2216808135565,
      "y": 1885.090909090909,
    },
    "N": Object {
      "x": 900.4362291095915,
      "y": 490.12363636363636,
    },
    "Or": Object {
      "x": 1055.4325989303736,
      "y": 867.1418181818182,
    },
    "PNS": Object {
      "x": 1373.8035207244127,
      "y": 1198.08,
    },
    "Po": Object {
      "x": 1897.439905254082,
      "y": 929.9781818181817,
    },
    "Pog": Object {
      "x": 749.6289503650469,
      "y": 1780.3636363636363,
    },
    "S": Object {
      "x": 1692.1744425184515,
      "y": 737.28,
    },
    "U1 Apex": Object {
      "x": 850.1671361947433,
      "y": 1152,
    },
    "U1 Incisal Edge": Object {
      "x": 749.6289503650469,
      "y": 1382.3999999999999,
    },
  },
  "mode": "assisted",
  "scaleFactor": null,
  "skippedSteps": Object {},
}
`;
